Archive member included because of file (symbol)

f:/assaf/tools assaf/sdk/imt_sdk_win_64/imt_sdk_win_64/winavr/bin/../lib/gcc/avr/4.3.3/avr5\libgcc.a(_exit.o)
                              f:/assaf/tools assaf/sdk/imt_sdk_win_64/imt_sdk_win_64/winavr/bin/../lib/gcc/avr/4.3.3/../../../../avr/lib/avr5/crtm16.o (exit)
f:/assaf/tools assaf/sdk/imt_sdk_win_64/imt_sdk_win_64/winavr/bin/../lib/gcc/avr/4.3.3/avr5\libgcc.a(_copy_data.o)
                              ./RTE/RTE.o (__do_copy_data)
f:/assaf/tools assaf/sdk/imt_sdk_win_64/imt_sdk_win_64/winavr/bin/../lib/gcc/avr/4.3.3/avr5\libgcc.a(_clear_bss.o)
                              ./BSW/Scheduler/Scheduler.o (__do_clear_bss)

Memory Configuration

Name             Origin             Length             Attributes
text             0x00000000         0x00020000         xr
data             0x00800060         0x0000ffa0         rw !x
eeprom           0x00810000         0x00010000         rw !x
fuse             0x00820000         0x00000400         rw !x
lock             0x00830000         0x00000400         rw !x
signature        0x00840000         0x00000400         rw !x
*default*        0x00000000         0xffffffff

Linker script and memory map

LOAD f:/assaf/tools assaf/sdk/imt_sdk_win_64/imt_sdk_win_64/winavr/bin/../lib/gcc/avr/4.3.3/../../../../avr/lib/avr5/crtm16.o
LOAD ./SWC/Lighting/Lighting.o
LOAD ./SWC/Dimmer/Dimmer.o
LOAD ./RTE/RTE.o
LOAD ./BSW/UART/UART.o
LOAD ./BSW/UART/UART_lcfg.o
LOAD ./BSW/Scheduler/Scheduler.o
LOAD ./BSW/DIO/DIO.o
LOAD ./BSW/COMM/COMM.o
LOAD ./BSW/COMM/COMM_lcfg.o
LOAD ./main.o
LOAD f:/assaf/tools assaf/sdk/imt_sdk_win_64/imt_sdk_win_64/winavr/bin/../lib/gcc/avr/4.3.3/avr5\libgcc.a
LOAD f:/assaf/tools assaf/sdk/imt_sdk_win_64/imt_sdk_win_64/winavr/bin/../lib/gcc/avr/4.3.3/../../../../avr/lib/avr5\libc.a
LOAD f:/assaf/tools assaf/sdk/imt_sdk_win_64/imt_sdk_win_64/winavr/bin/../lib/gcc/avr/4.3.3/avr5\libgcc.a

.hash
 *(.hash)

.dynsym
 *(.dynsym)

.dynstr
 *(.dynstr)

.gnu.version
 *(.gnu.version)

.gnu.version_d
 *(.gnu.version_d)

.gnu.version_r
 *(.gnu.version_r)

.rel.init
 *(.rel.init)

.rela.init
 *(.rela.init)

.rel.text
 *(.rel.text)
 *(.rel.text.*)
 *(.rel.gnu.linkonce.t*)

.rela.text
 *(.rela.text)
 *(.rela.text.*)
 *(.rela.gnu.linkonce.t*)

.rel.fini
 *(.rel.fini)

.rela.fini
 *(.rela.fini)

.rel.rodata
 *(.rel.rodata)
 *(.rel.rodata.*)
 *(.rel.gnu.linkonce.r*)

.rela.rodata
 *(.rela.rodata)
 *(.rela.rodata.*)
 *(.rela.gnu.linkonce.r*)

.rel.data
 *(.rel.data)
 *(.rel.data.*)
 *(.rel.gnu.linkonce.d*)

.rela.data
 *(.rela.data)
 *(.rela.data.*)
 *(.rela.gnu.linkonce.d*)

.rel.ctors
 *(.rel.ctors)

.rela.ctors
 *(.rela.ctors)

.rel.dtors
 *(.rel.dtors)

.rela.dtors
 *(.rela.dtors)

.rel.got
 *(.rel.got)

.rela.got
 *(.rela.got)

.rel.bss
 *(.rel.bss)

.rela.bss
 *(.rela.bss)

.rel.plt
 *(.rel.plt)

.rela.plt
 *(.rela.plt)

.text           0x00000000     0x1388
 *(.vectors)
 .vectors       0x00000000       0x54 f:/assaf/tools assaf/sdk/imt_sdk_win_64/imt_sdk_win_64/winavr/bin/../lib/gcc/avr/4.3.3/../../../../avr/lib/avr5/crtm16.o
                0x00000000                __vectors
                0x00000000                __vector_default
 *(.vectors)
 *(.progmem.gcc*)
 *(.progmem*)
                0x00000054                . = ALIGN (0x2)
                0x00000054                __trampolines_start = .
 *(.trampolines)
 .trampolines   0x00000054        0x0 linker stubs
 *(.trampolines*)
                0x00000054                __trampolines_end = .
 *(.jumptables)
 *(.jumptables*)
 *(.lowtext)
 *(.lowtext*)
                0x00000054                __ctors_start = .
 *(.ctors)
                0x00000054                __ctors_end = .
                0x00000054                __dtors_start = .
 *(.dtors)
                0x00000054                __dtors_end = .
 SORT(*)(.ctors)
 SORT(*)(.dtors)
 *(.init0)
 .init0         0x00000054        0x0 f:/assaf/tools assaf/sdk/imt_sdk_win_64/imt_sdk_win_64/winavr/bin/../lib/gcc/avr/4.3.3/../../../../avr/lib/avr5/crtm16.o
                0x00000054                __init
 *(.init0)
 *(.init1)
 *(.init1)
 *(.init2)
 .init2         0x00000054        0xc f:/assaf/tools assaf/sdk/imt_sdk_win_64/imt_sdk_win_64/winavr/bin/../lib/gcc/avr/4.3.3/../../../../avr/lib/avr5/crtm16.o
 *(.init2)
 *(.init3)
 *(.init3)
 *(.init4)
 .init4         0x00000060       0x16 f:/assaf/tools assaf/sdk/imt_sdk_win_64/imt_sdk_win_64/winavr/bin/../lib/gcc/avr/4.3.3/avr5\libgcc.a(_copy_data.o)
                0x00000060                __do_copy_data
 .init4         0x00000076       0x10 f:/assaf/tools assaf/sdk/imt_sdk_win_64/imt_sdk_win_64/winavr/bin/../lib/gcc/avr/4.3.3/avr5\libgcc.a(_clear_bss.o)
                0x00000076                __do_clear_bss
 *(.init4)
 *(.init5)
 *(.init5)
 *(.init6)
 *(.init6)
 *(.init7)
 *(.init7)
 *(.init8)
 *(.init8)
 *(.init9)
 .init9         0x00000086        0x8 f:/assaf/tools assaf/sdk/imt_sdk_win_64/imt_sdk_win_64/winavr/bin/../lib/gcc/avr/4.3.3/../../../../avr/lib/avr5/crtm16.o
 *(.init9)
 *(.text)
 .text          0x0000008e        0x4 f:/assaf/tools assaf/sdk/imt_sdk_win_64/imt_sdk_win_64/winavr/bin/../lib/gcc/avr/4.3.3/../../../../avr/lib/avr5/crtm16.o
                0x0000008e                __vector_1
                0x0000008e                __vector_12
                0x0000008e                __bad_interrupt
                0x0000008e                __vector_6
                0x0000008e                __vector_3
                0x0000008e                __vector_13
                0x0000008e                __vector_17
                0x0000008e                __vector_19
                0x0000008e                __vector_7
                0x0000008e                __vector_5
                0x0000008e                __vector_4
                0x0000008e                __vector_9
                0x0000008e                __vector_2
                0x0000008e                __vector_15
                0x0000008e                __vector_8
                0x0000008e                __vector_14
                0x0000008e                __vector_10
                0x0000008e                __vector_16
                0x0000008e                __vector_18
                0x0000008e                __vector_20
 .text          0x00000092        0x0 ./SWC/Lighting/Lighting.o
 .text          0x00000092        0x0 ./SWC/Dimmer/Dimmer.o
 .text          0x00000092        0x0 ./RTE/RTE.o
 .text          0x00000092        0x0 ./BSW/UART/UART.o
 .text          0x00000092        0x0 ./BSW/UART/UART_lcfg.o
 .text          0x00000092        0x0 ./BSW/Scheduler/Scheduler.o
 .text          0x00000092        0x0 ./BSW/DIO/DIO.o
 .text          0x00000092        0x0 ./BSW/COMM/COMM.o
 .text          0x00000092        0x0 ./BSW/COMM/COMM_lcfg.o
 .text          0x00000092        0x0 ./main.o
 .text          0x00000092        0x0 f:/assaf/tools assaf/sdk/imt_sdk_win_64/imt_sdk_win_64/winavr/bin/../lib/gcc/avr/4.3.3/avr5\libgcc.a(_exit.o)
 .text          0x00000092        0x0 f:/assaf/tools assaf/sdk/imt_sdk_win_64/imt_sdk_win_64/winavr/bin/../lib/gcc/avr/4.3.3/avr5\libgcc.a(_copy_data.o)
 .text          0x00000092        0x0 f:/assaf/tools assaf/sdk/imt_sdk_win_64/imt_sdk_win_64/winavr/bin/../lib/gcc/avr/4.3.3/avr5\libgcc.a(_clear_bss.o)
                0x00000092                . = ALIGN (0x2)
 *(.text.*)
 .text.Lighting_Init
                0x00000092       0x14 ./SWC/Lighting/Lighting.o
                0x00000092                Lighting_Init
 .text.Lighting_SetLamp
                0x000000a6       0x4c ./SWC/Lighting/Lighting.o
                0x000000a6                Lighting_SetLamp
 .text.Dimmer_Init
                0x000000f2       0x14 ./SWC/Dimmer/Dimmer.o
                0x000000f2                Dimmer_Init
 .text.Dimmer_SendLampStatus
                0x00000106       0x52 ./SWC/Dimmer/Dimmer.o
                0x00000106                Dimmer_SendLampStatus
 .text.RTE_Write_LampStatus
                0x00000158       0x1c ./RTE/RTE.o
                0x00000158                RTE_Write_LampStatus
 .text.RTE_Read_LampStatus
                0x00000174       0x24 ./RTE/RTE.o
                0x00000174                RTE_Read_LampStatus
 .text.RTE_Call_ReceiveCOMM
                0x00000198       0x2a ./RTE/RTE.o
                0x00000198                RTE_Call_ReceiveCOMM
 .text.RTE_Call_LampStatus
                0x000001c2       0x1e ./RTE/RTE.o
                0x000001c2                RTE_Call_LampStatus
 .text.RTE_Init
                0x000001e0       0x24 ./RTE/RTE.o
 .text.RTE_Runnable
                0x00000204       0x1a ./RTE/RTE.o
 .text.UART_Init
                0x0000021e      0x212 ./BSW/UART/UART.o
                0x0000021e                UART_Init
 .text.UART_SendData
                0x00000430       0x44 ./BSW/UART/UART.o
                0x00000430                UART_SendData
 .text.UART_ReceiveData
                0x00000474       0x42 ./BSW/UART/UART.o
                0x00000474                UART_ReceiveData
 .text.Timer0_voidInit
                0x000004b6       0x38 ./BSW/Scheduler/Scheduler.o
 .text.Timer0_SetTimeus
                0x000004ee       0x20 ./BSW/Scheduler/Scheduler.o
 .text.Timer0_voidSetCallBack
                0x0000050e       0x3a ./BSW/Scheduler/Scheduler.o
 .text.__vector_11
                0x00000548       0x66 ./BSW/Scheduler/Scheduler.o
                0x00000548                __vector_11
 .text.Scheduler_StartOS
                0x000005ae       0x20 ./BSW/Scheduler/Scheduler.o
                0x000005ae                Scheduler_StartOS
 .text.Scheduler_SuspendTask
                0x000005ce       0x3c ./BSW/Scheduler/Scheduler.o
                0x000005ce                Scheduler_SuspendTask
 .text.Scheduler_ResumeTask
                0x0000060a       0x3c ./BSW/Scheduler/Scheduler.o
                0x0000060a                Scheduler_ResumeTask
 .text.Scheduler
                0x00000646      0x188 ./BSW/Scheduler/Scheduler.o
 .text.Timer_CallBack
                0x000007ce       0x28 ./BSW/Scheduler/Scheduler.o
                0x000007ce                Timer_CallBack
 .text.DIO_SetPinDirection
                0x000007f6      0x204 ./BSW/DIO/DIO.o
                0x000007f6                DIO_SetPinDirection
 .text.DIO_SetPinValue
                0x000009fa      0x204 ./BSW/DIO/DIO.o
                0x000009fa                DIO_SetPinValue
 .text.DIO_SetPortDirecton
                0x00000bfe       0x92 ./BSW/DIO/DIO.o
                0x00000bfe                DIO_SetPortDirecton
 .text.DIO_SetPortValue
                0x00000c90       0x92 ./BSW/DIO/DIO.o
                0x00000c90                DIO_SetPortValue
 .text.DIO_GetPinValue
                0x00000d22      0x17c ./BSW/DIO/DIO.o
                0x00000d22                DIO_GetPinValue
 .text.DIO_GetPortValue
                0x00000e9e       0xa6 ./BSW/DIO/DIO.o
                0x00000e9e                DIO_GetPortValue
 .text.DIO_Dimmer_Init
                0x00000f44       0x8c ./BSW/DIO/DIO.o
                0x00000f44                DIO_Dimmer_Init
 .text.COMM_Init
                0x00000fd0       0x12 ./BSW/COMM/COMM.o
                0x00000fd0                COMM_Init
 .text.COMM_Send
                0x00000fe2       0x3c ./BSW/COMM/COMM.o
                0x00000fe2                COMM_Send
 .text.COMM_Receive
                0x0000101e       0x44 ./BSW/COMM/COMM.o
                0x0000101e                COMM_Receive
 .text.COMM_Tx_MainFunction
                0x00001062      0x190 ./BSW/COMM/COMM.o
                0x00001062                COMM_Tx_MainFunction
 .text.COMM_Rx_MainFunction
                0x000011f2      0x184 ./BSW/COMM/COMM.o
                0x000011f2                COMM_Rx_MainFunction
 .text.main     0x00001376        0xe ./main.o
                0x00001376                main
 .text.libgcc   0x00001384        0x0 f:/assaf/tools assaf/sdk/imt_sdk_win_64/imt_sdk_win_64/winavr/bin/../lib/gcc/avr/4.3.3/avr5\libgcc.a(_exit.o)
 .text.libgcc   0x00001384        0x0 f:/assaf/tools assaf/sdk/imt_sdk_win_64/imt_sdk_win_64/winavr/bin/../lib/gcc/avr/4.3.3/avr5\libgcc.a(_copy_data.o)
 .text.libgcc   0x00001384        0x0 f:/assaf/tools assaf/sdk/imt_sdk_win_64/imt_sdk_win_64/winavr/bin/../lib/gcc/avr/4.3.3/avr5\libgcc.a(_clear_bss.o)
                0x00001384                . = ALIGN (0x2)
 *(.fini9)
 .fini9         0x00001384        0x0 f:/assaf/tools assaf/sdk/imt_sdk_win_64/imt_sdk_win_64/winavr/bin/../lib/gcc/avr/4.3.3/avr5\libgcc.a(_exit.o)
                0x00001384                exit
                0x00001384                _exit
 *(.fini9)
 *(.fini8)
 *(.fini8)
 *(.fini7)
 *(.fini7)
 *(.fini6)
 *(.fini6)
 *(.fini5)
 *(.fini5)
 *(.fini4)
 *(.fini4)
 *(.fini3)
 *(.fini3)
 *(.fini2)
 *(.fini2)
 *(.fini1)
 *(.fini1)
 *(.fini0)
 .fini0         0x00001384        0x4 f:/assaf/tools assaf/sdk/imt_sdk_win_64/imt_sdk_win_64/winavr/bin/../lib/gcc/avr/4.3.3/avr5\libgcc.a(_exit.o)
 *(.fini0)
                0x00001388                _etext = .

.data           0x00800060       0x28 load address 0x00001388
                0x00800060                PROVIDE (__data_start, .)
 *(.data)
 .data          0x00800060        0x0 f:/assaf/tools assaf/sdk/imt_sdk_win_64/imt_sdk_win_64/winavr/bin/../lib/gcc/avr/4.3.3/../../../../avr/lib/avr5/crtm16.o
 .data          0x00800060        0x0 ./SWC/Lighting/Lighting.o
 .data          0x00800060        0x0 ./SWC/Dimmer/Dimmer.o
 .data          0x00800060        0x0 ./RTE/RTE.o
 .data          0x00800060        0x0 ./BSW/UART/UART.o
 .data          0x00800060        0x0 ./BSW/UART/UART_lcfg.o
 .data          0x00800060        0x0 ./BSW/Scheduler/Scheduler.o
 .data          0x00800060        0x0 ./BSW/DIO/DIO.o
 .data          0x00800060        0x0 ./BSW/COMM/COMM.o
 .data          0x00800060        0x0 ./BSW/COMM/COMM_lcfg.o
 .data          0x00800060        0x0 ./main.o
 .data          0x00800060        0x0 f:/assaf/tools assaf/sdk/imt_sdk_win_64/imt_sdk_win_64/winavr/bin/../lib/gcc/avr/4.3.3/avr5\libgcc.a(_exit.o)
 .data          0x00800060        0x0 f:/assaf/tools assaf/sdk/imt_sdk_win_64/imt_sdk_win_64/winavr/bin/../lib/gcc/avr/4.3.3/avr5\libgcc.a(_copy_data.o)
 .data          0x00800060        0x0 f:/assaf/tools assaf/sdk/imt_sdk_win_64/imt_sdk_win_64/winavr/bin/../lib/gcc/avr/4.3.3/avr5\libgcc.a(_clear_bss.o)
 *(.data*)
 .data.LampStatus
                0x00800060        0x1 ./RTE/RTE.o
                0x00800060                LampStatus
 .data.SystemTasks
                0x00800061       0x16 ./RTE/RTE.o
                0x00800061                SystemTasks
 .data.PDU      0x00800077        0x9 ./BSW/COMM/COMM_lcfg.o
                0x00800077                PDU
 *(.rodata)
 *(.rodata*)
 .rodata.UART_init
                0x00800080        0x6 ./BSW/UART/UART_lcfg.o
                0x00800080                UART_init
 .rodata.Signal
                0x00800086        0x2 ./BSW/COMM/COMM_lcfg.o
                0x00800086                Signal
 *(.gnu.linkonce.d*)
                0x00800088                . = ALIGN (0x2)
                0x00800088                _edata = .
                0x00800088                PROVIDE (__data_end, .)

.bss            0x00800088        0x5
                0x00800088                PROVIDE (__bss_start, .)
 *(.bss)
 .bss           0x00800088        0x0 f:/assaf/tools assaf/sdk/imt_sdk_win_64/imt_sdk_win_64/winavr/bin/../lib/gcc/avr/4.3.3/../../../../avr/lib/avr5/crtm16.o
 .bss           0x00800088        0x0 ./SWC/Lighting/Lighting.o
 .bss           0x00800088        0x0 ./SWC/Dimmer/Dimmer.o
 .bss           0x00800088        0x0 ./RTE/RTE.o
 .bss           0x00800088        0x0 ./BSW/UART/UART.o
 .bss           0x00800088        0x0 ./BSW/UART/UART_lcfg.o
 .bss           0x00800088        0x0 ./BSW/Scheduler/Scheduler.o
 .bss           0x00800088        0x0 ./BSW/DIO/DIO.o
 .bss           0x00800088        0x0 ./BSW/COMM/COMM.o
 .bss           0x00800088        0x0 ./BSW/COMM/COMM_lcfg.o
 .bss           0x00800088        0x0 ./main.o
 .bss           0x00800088        0x0 f:/assaf/tools assaf/sdk/imt_sdk_win_64/imt_sdk_win_64/winavr/bin/../lib/gcc/avr/4.3.3/avr5\libgcc.a(_exit.o)
 .bss           0x00800088        0x0 f:/assaf/tools assaf/sdk/imt_sdk_win_64/imt_sdk_win_64/winavr/bin/../lib/gcc/avr/4.3.3/avr5\libgcc.a(_copy_data.o)
 .bss           0x00800088        0x0 f:/assaf/tools assaf/sdk/imt_sdk_win_64/imt_sdk_win_64/winavr/bin/../lib/gcc/avr/4.3.3/avr5\libgcc.a(_clear_bss.o)
 *(.bss*)
 .bss.TIMER0_pvCallBack
                0x00800088        0x2 ./BSW/Scheduler/Scheduler.o
 .bss.counter.1302
                0x0080008a        0x1 ./BSW/Scheduler/Scheduler.o
 .bss.TxBuffer  0x0080008b        0x1 ./BSW/COMM/COMM.o
 .bss.RxBuffer  0x0080008c        0x1 ./BSW/COMM/COMM.o
 *(COMMON)
                0x0080008d                PROVIDE (__bss_end, .)
                0x00001388                __data_load_start = LOADADDR (.data)
                0x000013b0                __data_load_end = (__data_load_start + SIZEOF (.data))

.noinit         0x0080008d        0x0
                0x0080008d                PROVIDE (__noinit_start, .)
 *(.noinit*)
                0x0080008d                PROVIDE (__noinit_end, .)
                0x0080008d                _end = .
                0x0080008d                PROVIDE (__heap_start, .)

.eeprom         0x00810000        0x0
 *(.eeprom*)
                0x00810000                __eeprom_end = .

.fuse
 *(.fuse)
 *(.lfuse)
 *(.hfuse)
 *(.efuse)

.lock
 *(.lock*)

.signature
 *(.signature*)

.stab           0x00000000     0x2310
 *(.stab)
 .stab          0x00000000      0x2ac ./SWC/Lighting/Lighting.o
 .stab          0x000002ac      0x2a0 ./SWC/Dimmer/Dimmer.o
                                0x2ac (size before relaxing)
 .stab          0x0000054c      0x3c0 ./RTE/RTE.o
                                0x3cc (size before relaxing)
 .stab          0x0000090c      0x408 ./BSW/UART/UART.o
                                0x414 (size before relaxing)
 .stab          0x00000d14       0xfc ./BSW/UART/UART_lcfg.o
                                0x204 (size before relaxing)
 .stab          0x00000e10      0x504 ./BSW/Scheduler/Scheduler.o
                                0x510 (size before relaxing)
 .stab          0x00001314      0x774 ./BSW/DIO/DIO.o
                                0x780 (size before relaxing)
 .stab          0x00001a88      0x570 ./BSW/COMM/COMM.o
                                0x57c (size before relaxing)
 .stab          0x00001ff8      0x108 ./BSW/COMM/COMM_lcfg.o
                                0x21c (size before relaxing)
 .stab          0x00002100      0x210 ./main.o
                                0x21c (size before relaxing)

.stabstr        0x00000000      0xdcf
 *(.stabstr)
 .stabstr       0x00000000      0xdcf ./SWC/Lighting/Lighting.o

.stab.excl
 *(.stab.excl)

.stab.exclstr
 *(.stab.exclstr)

.stab.index
 *(.stab.index)

.stab.indexstr
 *(.stab.indexstr)

.comment
 *(.comment)

.debug
 *(.debug)

.line
 *(.line)

.debug_srcinfo
 *(.debug_srcinfo)

.debug_sfnames
 *(.debug_sfnames)

.debug_aranges
 *(.debug_aranges)

.debug_pubnames
 *(.debug_pubnames)

.debug_info
 *(.debug_info)
 *(.gnu.linkonce.wi.*)

.debug_abbrev
 *(.debug_abbrev)

.debug_line
 *(.debug_line)

.debug_frame
 *(.debug_frame)

.debug_str
 *(.debug_str)

.debug_loc
 *(.debug_loc)

.debug_macinfo
 *(.debug_macinfo)
OUTPUT(PROJECT_RTE_2.elf elf32-avr)
LOAD linker stubs
