Archive member included because of file (symbol)

f:/assaf/tools assaf/sdk/imt_sdk_win_64/imt_sdk_win_64/winavr/bin/../lib/gcc/avr/4.3.3/avr5\libgcc.a(_exit.o)
                              f:/assaf/tools assaf/sdk/imt_sdk_win_64/imt_sdk_win_64/winavr/bin/../lib/gcc/avr/4.3.3/../../../../avr/lib/avr5/crtm16.o (exit)
f:/assaf/tools assaf/sdk/imt_sdk_win_64/imt_sdk_win_64/winavr/bin/../lib/gcc/avr/4.3.3/avr5\libgcc.a(_copy_data.o)
                              ./SWC/RightDoor/RightDoor.o (__do_copy_data)
f:/assaf/tools assaf/sdk/imt_sdk_win_64/imt_sdk_win_64/winavr/bin/../lib/gcc/avr/4.3.3/avr5\libgcc.a(_clear_bss.o)
                              ./SWC/RightDoor/RightDoor.o (__do_clear_bss)

Memory Configuration

Name             Origin             Length             Attributes
text             0x00000000         0x00020000         xr
data             0x00800060         0x0000ffa0         rw !x
eeprom           0x00810000         0x00010000         rw !x
fuse             0x00820000         0x00000400         rw !x
lock             0x00830000         0x00000400         rw !x
signature        0x00840000         0x00000400         rw !x
*default*        0x00000000         0xffffffff

Linker script and memory map

LOAD f:/assaf/tools assaf/sdk/imt_sdk_win_64/imt_sdk_win_64/winavr/bin/../lib/gcc/avr/4.3.3/../../../../avr/lib/avr5/crtm16.o
LOAD ./SWC/RightDoor/RightDoor.o
LOAD ./SWC/LeftDoor/LeftDoor.o
LOAD ./SWC/DoorContact/DoorContact.o
LOAD ./RTE/RTE.o
LOAD ./BSW/UART/UART.o
LOAD ./BSW/UART/UART_lcfg.o
LOAD ./BSW/Scheduler/Scheduler.o
LOAD ./BSW/DIO/DIO.o
LOAD ./BSW/COMM/COMM.o
LOAD ./BSW/COMM/COMM_lcfg.o
LOAD ./main.o
LOAD f:/assaf/tools assaf/sdk/imt_sdk_win_64/imt_sdk_win_64/winavr/bin/../lib/gcc/avr/4.3.3/avr5\libgcc.a
LOAD f:/assaf/tools assaf/sdk/imt_sdk_win_64/imt_sdk_win_64/winavr/bin/../lib/gcc/avr/4.3.3/../../../../avr/lib/avr5\libc.a
LOAD f:/assaf/tools assaf/sdk/imt_sdk_win_64/imt_sdk_win_64/winavr/bin/../lib/gcc/avr/4.3.3/avr5\libgcc.a

.hash
 *(.hash)

.dynsym
 *(.dynsym)

.dynstr
 *(.dynstr)

.gnu.version
 *(.gnu.version)

.gnu.version_d
 *(.gnu.version_d)

.gnu.version_r
 *(.gnu.version_r)

.rel.init
 *(.rel.init)

.rela.init
 *(.rela.init)

.rel.text
 *(.rel.text)
 *(.rel.text.*)
 *(.rel.gnu.linkonce.t*)

.rela.text
 *(.rela.text)
 *(.rela.text.*)
 *(.rela.gnu.linkonce.t*)

.rel.fini
 *(.rel.fini)

.rela.fini
 *(.rela.fini)

.rel.rodata
 *(.rel.rodata)
 *(.rel.rodata.*)
 *(.rel.gnu.linkonce.r*)

.rela.rodata
 *(.rela.rodata)
 *(.rela.rodata.*)
 *(.rela.gnu.linkonce.r*)

.rel.data
 *(.rel.data)
 *(.rel.data.*)
 *(.rel.gnu.linkonce.d*)

.rela.data
 *(.rela.data)
 *(.rela.data.*)
 *(.rela.gnu.linkonce.d*)

.rel.ctors
 *(.rel.ctors)

.rela.ctors
 *(.rela.ctors)

.rel.dtors
 *(.rel.dtors)

.rela.dtors
 *(.rela.dtors)

.rel.got
 *(.rel.got)

.rela.got
 *(.rela.got)

.rel.bss
 *(.rel.bss)

.rela.bss
 *(.rela.bss)

.rel.plt
 *(.rel.plt)

.rela.plt
 *(.rela.plt)

.text           0x00000000     0x169e
 *(.vectors)
 .vectors       0x00000000       0x54 f:/assaf/tools assaf/sdk/imt_sdk_win_64/imt_sdk_win_64/winavr/bin/../lib/gcc/avr/4.3.3/../../../../avr/lib/avr5/crtm16.o
                0x00000000                __vectors
                0x00000000                __vector_default
 *(.vectors)
 *(.progmem.gcc*)
 *(.progmem*)
                0x00000054                . = ALIGN (0x2)
                0x00000054                __trampolines_start = .
 *(.trampolines)
 .trampolines   0x00000054        0x0 linker stubs
 *(.trampolines*)
                0x00000054                __trampolines_end = .
 *(.jumptables)
 *(.jumptables*)
 *(.lowtext)
 *(.lowtext*)
                0x00000054                __ctors_start = .
 *(.ctors)
                0x00000054                __ctors_end = .
                0x00000054                __dtors_start = .
 *(.dtors)
                0x00000054                __dtors_end = .
 SORT(*)(.ctors)
 SORT(*)(.dtors)
 *(.init0)
 .init0         0x00000054        0x0 f:/assaf/tools assaf/sdk/imt_sdk_win_64/imt_sdk_win_64/winavr/bin/../lib/gcc/avr/4.3.3/../../../../avr/lib/avr5/crtm16.o
                0x00000054                __init
 *(.init0)
 *(.init1)
 *(.init1)
 *(.init2)
 .init2         0x00000054        0xc f:/assaf/tools assaf/sdk/imt_sdk_win_64/imt_sdk_win_64/winavr/bin/../lib/gcc/avr/4.3.3/../../../../avr/lib/avr5/crtm16.o
 *(.init2)
 *(.init3)
 *(.init3)
 *(.init4)
 .init4         0x00000060       0x16 f:/assaf/tools assaf/sdk/imt_sdk_win_64/imt_sdk_win_64/winavr/bin/../lib/gcc/avr/4.3.3/avr5\libgcc.a(_copy_data.o)
                0x00000060                __do_copy_data
 .init4         0x00000076       0x10 f:/assaf/tools assaf/sdk/imt_sdk_win_64/imt_sdk_win_64/winavr/bin/../lib/gcc/avr/4.3.3/avr5\libgcc.a(_clear_bss.o)
                0x00000076                __do_clear_bss
 *(.init4)
 *(.init5)
 *(.init5)
 *(.init6)
 *(.init6)
 *(.init7)
 *(.init7)
 *(.init8)
 *(.init8)
 *(.init9)
 .init9         0x00000086        0x8 f:/assaf/tools assaf/sdk/imt_sdk_win_64/imt_sdk_win_64/winavr/bin/../lib/gcc/avr/4.3.3/../../../../avr/lib/avr5/crtm16.o
 *(.init9)
 *(.text)
 .text          0x0000008e        0x4 f:/assaf/tools assaf/sdk/imt_sdk_win_64/imt_sdk_win_64/winavr/bin/../lib/gcc/avr/4.3.3/../../../../avr/lib/avr5/crtm16.o
                0x0000008e                __vector_1
                0x0000008e                __vector_12
                0x0000008e                __bad_interrupt
                0x0000008e                __vector_6
                0x0000008e                __vector_3
                0x0000008e                __vector_13
                0x0000008e                __vector_17
                0x0000008e                __vector_19
                0x0000008e                __vector_7
                0x0000008e                __vector_5
                0x0000008e                __vector_4
                0x0000008e                __vector_9
                0x0000008e                __vector_2
                0x0000008e                __vector_15
                0x0000008e                __vector_8
                0x0000008e                __vector_14
                0x0000008e                __vector_10
                0x0000008e                __vector_16
                0x0000008e                __vector_18
                0x0000008e                __vector_20
 .text          0x00000092        0x0 ./SWC/RightDoor/RightDoor.o
 .text          0x00000092        0x0 ./SWC/LeftDoor/LeftDoor.o
 .text          0x00000092        0x0 ./SWC/DoorContact/DoorContact.o
 .text          0x00000092        0x0 ./RTE/RTE.o
 .text          0x00000092        0x0 ./BSW/UART/UART.o
 .text          0x00000092        0x0 ./BSW/UART/UART_lcfg.o
 .text          0x00000092        0x0 ./BSW/Scheduler/Scheduler.o
 .text          0x00000092        0x0 ./BSW/DIO/DIO.o
 .text          0x00000092        0x0 ./BSW/COMM/COMM.o
 .text          0x00000092        0x0 ./BSW/COMM/COMM_lcfg.o
 .text          0x00000092        0x0 ./main.o
 .text          0x00000092        0x0 f:/assaf/tools assaf/sdk/imt_sdk_win_64/imt_sdk_win_64/winavr/bin/../lib/gcc/avr/4.3.3/avr5\libgcc.a(_exit.o)
 .text          0x00000092        0x0 f:/assaf/tools assaf/sdk/imt_sdk_win_64/imt_sdk_win_64/winavr/bin/../lib/gcc/avr/4.3.3/avr5\libgcc.a(_copy_data.o)
 .text          0x00000092        0x0 f:/assaf/tools assaf/sdk/imt_sdk_win_64/imt_sdk_win_64/winavr/bin/../lib/gcc/avr/4.3.3/avr5\libgcc.a(_clear_bss.o)
                0x00000092                . = ALIGN (0x2)
 *(.text.*)
 .text.RightDoor_Init
                0x00000092       0x14 ./SWC/RightDoor/RightDoor.o
                0x00000092                RightDoor_Init
 .text.RightDoor_WriteStatus
                0x000000a6       0x6c ./SWC/RightDoor/RightDoor.o
                0x000000a6                RightDoor_WriteStatus
 .text.RightSwitch_Debouncing
                0x00000112       0x48 ./SWC/RightDoor/RightDoor.o
 .text.LeftDoor_Init
                0x0000015a       0x14 ./SWC/LeftDoor/LeftDoor.o
                0x0000015a                LeftDoor_Init
 .text.LeftDoor_WriteStatus
                0x0000016e       0x6c ./SWC/LeftDoor/LeftDoor.o
                0x0000016e                LeftDoor_WriteStatus
 .text.LeftSwitch_Debouncing
                0x000001da       0x48 ./SWC/LeftDoor/LeftDoor.o
 .text.DoorContact_Init
                0x00000222       0x16 ./SWC/DoorContact/DoorContact.o
                0x00000222                DoorContact_Init
 .text.DoorContact_WriteStatus
                0x00000238       0x70 ./SWC/DoorContact/DoorContact.o
                0x00000238                DoorContact_WriteStatus
 .text.RTE_Write_LeftDoorStatus
                0x000002a8       0x1c ./RTE/RTE.o
                0x000002a8                RTE_Write_LeftDoorStatus
 .text.RTE_Write_RightDoorStatus
                0x000002c4       0x1c ./RTE/RTE.o
                0x000002c4                RTE_Write_RightDoorStatus
 .text.RTE_Read_LeftDoorStatus
                0x000002e0       0x24 ./RTE/RTE.o
                0x000002e0                RTE_Read_LeftDoorStatus
 .text.RTE_Read_RightDoorStatus
                0x00000304       0x24 ./RTE/RTE.o
                0x00000304                RTE_Read_RightDoorStatus
 .text.RTE_Call_SendComm
                0x00000328       0x20 ./RTE/RTE.o
                0x00000328                RTE_Call_SendComm
 .text.RTE_Call_LeftDoorStatus
                0x00000348       0x26 ./RTE/RTE.o
                0x00000348                RTE_Call_LeftDoorStatus
 .text.RTE_Call_RightDoorStatus
                0x0000036e       0x26 ./RTE/RTE.o
                0x0000036e                RTE_Call_RightDoorStatus
 .text.RTE_Init
                0x00000394       0x28 ./RTE/RTE.o
 .text.RTE_Runnable
                0x000003bc       0x34 ./RTE/RTE.o
 .text.UART_Init
                0x000003f0      0x212 ./BSW/UART/UART.o
                0x000003f0                UART_Init
 .text.UART_SendData
                0x00000602       0x44 ./BSW/UART/UART.o
                0x00000602                UART_SendData
 .text.UART_ReceiveData
                0x00000646       0x42 ./BSW/UART/UART.o
                0x00000646                UART_ReceiveData
 .text.Timer0_voidInit
                0x00000688       0x38 ./BSW/Scheduler/Scheduler.o
 .text.Timer0_SetTimeus
                0x000006c0       0x20 ./BSW/Scheduler/Scheduler.o
 .text.Timer0_voidSetCallBack
                0x000006e0       0x3a ./BSW/Scheduler/Scheduler.o
 .text.__vector_11
                0x0000071a       0x66 ./BSW/Scheduler/Scheduler.o
                0x0000071a                __vector_11
 .text.Scheduler_StartOS
                0x00000780       0x20 ./BSW/Scheduler/Scheduler.o
                0x00000780                Scheduler_StartOS
 .text.Scheduler_SuspendTask
                0x000007a0       0x3c ./BSW/Scheduler/Scheduler.o
                0x000007a0                Scheduler_SuspendTask
 .text.Scheduler_ResumeTask
                0x000007dc       0x3c ./BSW/Scheduler/Scheduler.o
                0x000007dc                Scheduler_ResumeTask
 .text.Scheduler
                0x00000818      0x188 ./BSW/Scheduler/Scheduler.o
 .text.Scheduler_CreateTask
                0x000009a0      0x144 ./BSW/Scheduler/Scheduler.o
                0x000009a0                Scheduler_CreateTask
 .text.Timer_CallBack
                0x00000ae4       0x28 ./BSW/Scheduler/Scheduler.o
                0x00000ae4                Timer_CallBack
 .text.DIO_SetPinDirection
                0x00000b0c      0x204 ./BSW/DIO/DIO.o
                0x00000b0c                DIO_SetPinDirection
 .text.DIO_SetPinValue
                0x00000d10      0x204 ./BSW/DIO/DIO.o
                0x00000d10                DIO_SetPinValue
 .text.DIO_SetPortDirecton
                0x00000f14       0x92 ./BSW/DIO/DIO.o
                0x00000f14                DIO_SetPortDirecton
 .text.DIO_SetPortValue
                0x00000fa6       0x92 ./BSW/DIO/DIO.o
                0x00000fa6                DIO_SetPortValue
 .text.DIO_GetPinValue
                0x00001038      0x17c ./BSW/DIO/DIO.o
                0x00001038                DIO_GetPinValue
 .text.DIO_GetPortValue
                0x000011b4       0xa6 ./BSW/DIO/DIO.o
                0x000011b4                DIO_GetPortValue
 .text.DIO_Dimmer_Init
                0x0000125a       0x8c ./BSW/DIO/DIO.o
                0x0000125a                DIO_Dimmer_Init
 .text.COMM_Init
                0x000012e6       0x12 ./BSW/COMM/COMM.o
                0x000012e6                COMM_Init
 .text.COMM_Send
                0x000012f8       0x3c ./BSW/COMM/COMM.o
                0x000012f8                COMM_Send
 .text.COMM_Receive
                0x00001334       0x44 ./BSW/COMM/COMM.o
                0x00001334                COMM_Receive
 .text.COMM_Tx_MainFunction
                0x00001378      0x190 ./BSW/COMM/COMM.o
                0x00001378                COMM_Tx_MainFunction
 .text.COMM_Rx_MainFunction
                0x00001508      0x184 ./BSW/COMM/COMM.o
                0x00001508                COMM_Rx_MainFunction
 .text.main     0x0000168c        0xe ./main.o
                0x0000168c                main
 .text.libgcc   0x0000169a        0x0 f:/assaf/tools assaf/sdk/imt_sdk_win_64/imt_sdk_win_64/winavr/bin/../lib/gcc/avr/4.3.3/avr5\libgcc.a(_exit.o)
 .text.libgcc   0x0000169a        0x0 f:/assaf/tools assaf/sdk/imt_sdk_win_64/imt_sdk_win_64/winavr/bin/../lib/gcc/avr/4.3.3/avr5\libgcc.a(_copy_data.o)
 .text.libgcc   0x0000169a        0x0 f:/assaf/tools assaf/sdk/imt_sdk_win_64/imt_sdk_win_64/winavr/bin/../lib/gcc/avr/4.3.3/avr5\libgcc.a(_clear_bss.o)
                0x0000169a                . = ALIGN (0x2)
 *(.fini9)
 .fini9         0x0000169a        0x0 f:/assaf/tools assaf/sdk/imt_sdk_win_64/imt_sdk_win_64/winavr/bin/../lib/gcc/avr/4.3.3/avr5\libgcc.a(_exit.o)
                0x0000169a                exit
                0x0000169a                _exit
 *(.fini9)
 *(.fini8)
 *(.fini8)
 *(.fini7)
 *(.fini7)
 *(.fini6)
 *(.fini6)
 *(.fini5)
 *(.fini5)
 *(.fini4)
 *(.fini4)
 *(.fini3)
 *(.fini3)
 *(.fini2)
 *(.fini2)
 *(.fini1)
 *(.fini1)
 *(.fini0)
 .fini0         0x0000169a        0x4 f:/assaf/tools assaf/sdk/imt_sdk_win_64/imt_sdk_win_64/winavr/bin/../lib/gcc/avr/4.3.3/avr5\libgcc.a(_exit.o)
 *(.fini0)
                0x0000169e                _etext = .

.data           0x00800060       0x2c load address 0x0000169e
                0x00800060                PROVIDE (__data_start, .)
 *(.data)
 .data          0x00800060        0x0 f:/assaf/tools assaf/sdk/imt_sdk_win_64/imt_sdk_win_64/winavr/bin/../lib/gcc/avr/4.3.3/../../../../avr/lib/avr5/crtm16.o
 .data          0x00800060        0x0 ./SWC/RightDoor/RightDoor.o
 .data          0x00800060        0x0 ./SWC/LeftDoor/LeftDoor.o
 .data          0x00800060        0x0 ./SWC/DoorContact/DoorContact.o
 .data          0x00800060        0x0 ./RTE/RTE.o
 .data          0x00800060        0x0 ./BSW/UART/UART.o
 .data          0x00800060        0x0 ./BSW/UART/UART_lcfg.o
 .data          0x00800060        0x0 ./BSW/Scheduler/Scheduler.o
 .data          0x00800060        0x0 ./BSW/DIO/DIO.o
 .data          0x00800060        0x0 ./BSW/COMM/COMM.o
 .data          0x00800060        0x0 ./BSW/COMM/COMM_lcfg.o
 .data          0x00800060        0x0 ./main.o
 .data          0x00800060        0x0 f:/assaf/tools assaf/sdk/imt_sdk_win_64/imt_sdk_win_64/winavr/bin/../lib/gcc/avr/4.3.3/avr5\libgcc.a(_exit.o)
 .data          0x00800060        0x0 f:/assaf/tools assaf/sdk/imt_sdk_win_64/imt_sdk_win_64/winavr/bin/../lib/gcc/avr/4.3.3/avr5\libgcc.a(_copy_data.o)
 .data          0x00800060        0x0 f:/assaf/tools assaf/sdk/imt_sdk_win_64/imt_sdk_win_64/winavr/bin/../lib/gcc/avr/4.3.3/avr5\libgcc.a(_clear_bss.o)
 *(.data*)
 .data.Previous_State.1253
                0x00800060        0x1 ./SWC/RightDoor/RightDoor.o
 .data.Previous_State.1253
                0x00800061        0x1 ./SWC/LeftDoor/LeftDoor.o
 .data.LeftDoorStatus
                0x00800062        0x1 ./RTE/RTE.o
                0x00800062                LeftDoorStatus
 .data.RightDoorStatus
                0x00800063        0x1 ./RTE/RTE.o
                0x00800063                RightDoorStatus
 .data.SystemTasks
                0x00800064       0x16 ./RTE/RTE.o
                0x00800064                SystemTasks
 .data.PDU      0x0080007a        0x9 ./BSW/COMM/COMM_lcfg.o
                0x0080007a                PDU
 *(.rodata)
 *(.rodata*)
 .rodata.UART_init
                0x00800083        0x6 ./BSW/UART/UART_lcfg.o
                0x00800083                UART_init
 .rodata.Signal
                0x00800089        0x2 ./BSW/COMM/COMM_lcfg.o
                0x00800089                Signal
 *(.gnu.linkonce.d*)
                0x0080008c                . = ALIGN (0x2)
 *fill*         0x0080008b        0x1 00
                0x0080008c                _edata = .
                0x0080008c                PROVIDE (__data_end, .)

.bss            0x0080008c        0x8
                0x0080008c                PROVIDE (__bss_start, .)
 *(.bss)
 .bss           0x0080008c        0x0 f:/assaf/tools assaf/sdk/imt_sdk_win_64/imt_sdk_win_64/winavr/bin/../lib/gcc/avr/4.3.3/../../../../avr/lib/avr5/crtm16.o
 .bss           0x0080008c        0x0 ./SWC/RightDoor/RightDoor.o
 .bss           0x0080008c        0x0 ./SWC/LeftDoor/LeftDoor.o
 .bss           0x0080008c        0x0 ./SWC/DoorContact/DoorContact.o
 .bss           0x0080008c        0x0 ./RTE/RTE.o
 .bss           0x0080008c        0x0 ./BSW/UART/UART.o
 .bss           0x0080008c        0x0 ./BSW/UART/UART_lcfg.o
 .bss           0x0080008c        0x0 ./BSW/Scheduler/Scheduler.o
 .bss           0x0080008c        0x0 ./BSW/DIO/DIO.o
 .bss           0x0080008c        0x0 ./BSW/COMM/COMM.o
 .bss           0x0080008c        0x0 ./BSW/COMM/COMM_lcfg.o
 .bss           0x0080008c        0x0 ./main.o
 .bss           0x0080008c        0x0 f:/assaf/tools assaf/sdk/imt_sdk_win_64/imt_sdk_win_64/winavr/bin/../lib/gcc/avr/4.3.3/avr5\libgcc.a(_exit.o)
 .bss           0x0080008c        0x0 f:/assaf/tools assaf/sdk/imt_sdk_win_64/imt_sdk_win_64/winavr/bin/../lib/gcc/avr/4.3.3/avr5\libgcc.a(_copy_data.o)
 .bss           0x0080008c        0x0 f:/assaf/tools assaf/sdk/imt_sdk_win_64/imt_sdk_win_64/winavr/bin/../lib/gcc/avr/4.3.3/avr5\libgcc.a(_clear_bss.o)
 *(.bss*)
 .bss.counter.1252
                0x0080008c        0x1 ./SWC/RightDoor/RightDoor.o
 .bss.counter.1252
                0x0080008d        0x1 ./SWC/LeftDoor/LeftDoor.o
 .bss.counter1.1332
                0x0080008e        0x1 ./RTE/RTE.o
 .bss.TIMER0_pvCallBack
                0x0080008f        0x2 ./BSW/Scheduler/Scheduler.o
 .bss.counter.1325
                0x00800091        0x1 ./BSW/Scheduler/Scheduler.o
 .bss.TxBuffer  0x00800092        0x1 ./BSW/COMM/COMM.o
 .bss.RxBuffer  0x00800093        0x1 ./BSW/COMM/COMM.o
 *(COMMON)
                0x00800094                PROVIDE (__bss_end, .)
                0x0000169e                __data_load_start = LOADADDR (.data)
                0x000016ca                __data_load_end = (__data_load_start + SIZEOF (.data))

.noinit         0x00800094        0x0
                0x00800094                PROVIDE (__noinit_start, .)
 *(.noinit*)
                0x00800094                PROVIDE (__noinit_end, .)
                0x00800094                _end = .
                0x00800094                PROVIDE (__heap_start, .)

.eeprom         0x00810000        0x0
 *(.eeprom*)
                0x00810000                __eeprom_end = .

.fuse
 *(.fuse)
 *(.lfuse)
 *(.hfuse)
 *(.efuse)

.lock
 *(.lock*)

.signature
 *(.signature*)

.stab           0x00000000     0x29e8
 *(.stab)
 .stab          0x00000000      0x3cc ./SWC/RightDoor/RightDoor.o
 .stab          0x000003cc      0x3c0 ./SWC/LeftDoor/LeftDoor.o
                                0x3cc (size before relaxing)
 .stab          0x0000078c      0x2b8 ./SWC/DoorContact/DoorContact.o
                                0x2c4 (size before relaxing)
 .stab          0x00000a44      0x504 ./RTE/RTE.o
                                0x510 (size before relaxing)
 .stab          0x00000f48      0x408 ./BSW/UART/UART.o
                                0x414 (size before relaxing)
 .stab          0x00001350       0xfc ./BSW/UART/UART_lcfg.o
                                0x204 (size before relaxing)
 .stab          0x0000144c      0x5a0 ./BSW/Scheduler/Scheduler.o
                                0x5ac (size before relaxing)
 .stab          0x000019ec      0x774 ./BSW/DIO/DIO.o
                                0x780 (size before relaxing)
 .stab          0x00002160      0x570 ./BSW/COMM/COMM.o
                                0x57c (size before relaxing)
 .stab          0x000026d0      0x108 ./BSW/COMM/COMM_lcfg.o
                                0x21c (size before relaxing)
 .stab          0x000027d8      0x210 ./main.o
                                0x21c (size before relaxing)

.stabstr        0x00000000      0xffa
 *(.stabstr)
 .stabstr       0x00000000      0xffa ./SWC/RightDoor/RightDoor.o

.stab.excl
 *(.stab.excl)

.stab.exclstr
 *(.stab.exclstr)

.stab.index
 *(.stab.index)

.stab.indexstr
 *(.stab.indexstr)

.comment
 *(.comment)

.debug
 *(.debug)

.line
 *(.line)

.debug_srcinfo
 *(.debug_srcinfo)

.debug_sfnames
 *(.debug_sfnames)

.debug_aranges
 *(.debug_aranges)

.debug_pubnames
 *(.debug_pubnames)

.debug_info
 *(.debug_info)
 *(.gnu.linkonce.wi.*)

.debug_abbrev
 *(.debug_abbrev)

.debug_line
 *(.debug_line)

.debug_frame
 *(.debug_frame)

.debug_str
 *(.debug_str)

.debug_loc
 *(.debug_loc)

.debug_macinfo
 *(.debug_macinfo)
OUTPUT(PROJECT_RTE_1.elf elf32-avr)
LOAD linker stubs
